Add Component: Footprint Not Found MODULE_ESP32_DEVKIT_V1
Add Component: Footprint Not Found ESP32_S3_DEV_KIT
Add Component: Footprint Not Found MAX98357
Add Component: Footprint Not Found header_2_power
Add Pin To Net: Unknown Pin: Pin U1-2
Add Pin To Net: Unknown Pin: Pin U1-6
Add Pin To Net: Unknown Pin: Pin U1-7
Add Pin To Net: Unknown Pin: Pin U1-20
Add Pin To Net: Unknown Pin: Pin U1-21
Add Pin To Net: Unknown Pin: Pin U1-22
Add Pin To Net: Unknown Pin: Pin U1-30
Add Pin To Net: Unknown Pin: Pin U2-J1_4
Add Pin To Net: Unknown Pin: Pin U2-J1_5
Add Pin To Net: Unknown Pin: Pin U2-J1_6
Add Pin To Net: Unknown Pin: Pin U2-J1_7
Add Pin To Net: Unknown Pin: Pin U2-J1_8
Add Pin To Net: Unknown Pin: Pin U2-J1_9
Add Pin To Net: Unknown Pin: Pin U2-J1_21
Add Pin To Net: Unknown Pin: Pin U2-J3_1
Add Pin To Net: Unknown Pin: Pin U2-J3_22
Add Pin To Net: Unknown Pin: Pin U?-1
Add Pin To Net: Unknown Pin: Pin U?-2
Add Pin To Net: Unknown Pin: Pin U?-4
Add Pin To Net: Unknown Pin: Pin U?-5
Add Pin To Net: Unknown Pin: Pin U?-6
Add Pin To Net: Unknown Pin: Pin U?-7
Add Pin To Net: Unknown Pin: Pin V_In-1
Add Pin To Net: Unknown Pin: Pin V_In-2
Added Net: Name=NetU2_J1_1
Added Pin To Net: NetName=NetU2_J1_10 Pin=UART_S3-3
Added Net: Name=NetU2_J1_10
Added Pin To Net: NetName=NetU2_J1_11 Pin=UART_S3-4
Added Net: Name=NetU2_J1_11
Add Class Member: Failed to add class member : Component U1 ESP32_30Pin_DevKit
Add Class Member: Failed to add class member : Component U2 ESP32-S3-DEVKITC
Add Class Member: Failed to add class member : Component U? MAX98357A
Add Class Member: Failed to add class member : Component V_In
